["Whats","up","doc"]
["Beware","the","Jabberwock","my","son"]

"hats-Way up-hay oc-day"
"An-hay apple-hay a-hay ay-day eeps-kay he-tay octor-day away-hay"

-3.1415926535897927

[("know",3),("I",2),("that",2),("you",1)]
[("know",3),("I",2),("that",2)]
[("An",1),("a",1),("apple",1),("away",1),("day",1),("doctor",1)]